------------------------------------------------------------
TimeQuest Timing Analyzer Summary
------------------------------------------------------------

Type  : Slow 1100mV 85C Model Setup 'clock'
Slack : -3.759
TNS   : -185.344

Type  : Slow 1100mV 85C Model Hold 'clock'
Slack : 0.401
TNS   : 0.000

Type  : Slow 1100mV 85C Model Minimum Pulse Width 'clock'
Slack : -2.636
TNS   : -133.202

Type  : Slow 1100mV 0C Model Setup 'clock'
Slack : -3.965
TNS   : -183.674

Type  : Slow 1100mV 0C Model Hold 'clock'
Slack : 0.383
TNS   : 0.000

Type  : Slow 1100mV 0C Model Minimum Pulse Width 'clock'
Slack : -2.636
TNS   : -127.491

Type  : Fast 1100mV 85C Model Setup 'clock'
Slack : -1.352
TNS   : -49.760

Type  : Fast 1100mV 85C Model Hold 'clock'
Slack : 0.179
TNS   : 0.000

Type  : Fast 1100mV 85C Model Minimum Pulse Width 'clock'
Slack : -2.174
TNS   : -71.030

Type  : Fast 1100mV 0C Model Setup 'clock'
Slack : -1.286
TNS   : -39.585

Type  : Fast 1100mV 0C Model Hold 'clock'
Slack : 0.135
TNS   : 0.000

Type  : Fast 1100mV 0C Model Minimum Pulse Width 'clock'
Slack : -2.174
TNS   : -70.176

------------------------------------------------------------
